parameters:
  generate_test_definitions: true
  html_report: reports/report
  json_report: reports/report
  mark: null
  master_definitions: nrfu_tests/master_def.yaml
  processes: null
  report_dir: reports
  report_summary_style: modern
  results_dir: reports/results
  results_file: result.yml
  self_contained: true
  setup_show: false
  show_log: show_output.log
  stdout: false
  template_definitions: test_definition.yaml.j2
  test_cases: All
  test_definitions: test_definition.yaml
  test_dirs:
  - sample_network_tests/memory
  verbose: true
  generate_only_summary_report: true
