duts:
- mgmt_ip: 10.88.160.154
  name: ps-rtp1-leaf1
  neighbors: []
  password: ''
  role: unknown
  transport: https
  username: ''
- mgmt_ip: 10.88.160.164
  name: ps-rtp1-leaf2
  neighbors: []
  password: ''
  role: unknown
  transport: https
  username: ''
- mgmt_ip: 10.88.160.174
  name: ps-rtp1-leaf3
  neighbors: []
  password: ''
  role: unknown
  transport: https
  username: ''